Git Push Test - 10/07/2025 17:55:30
Git Push Test - 10/07/2025 18:02:14
Git Push Test - 10/07/2025 18:05:57
Git Push Test - 10/07/2025 18:06:06
Git Push Test - 10/07/2025 18:08:15
Git Push Test - 10/07/2025 18:08:59
Git Push Test - 10/07/2025 18:35:33
